data: nhanes_pooled.csv  rows=48895  제외: moderate_min_per_week, vigorous_min_per_week, sleep_hours

========================================================================================================================
dm — 당뇨  라벨 48,892행 / 양성 8,324 (17.0%)  차단 5개
  정의: 공복혈당 ≥126 mg/dL 또는 HbA1c ≥6.5% 또는 의사진단 또는 투약
========================================================================================================================
  구성         모델          변수   AUROC  AUPRC×   Brier    BSS     ECE    기울기   상위10% PPV     민감도    MCC  보정
  basic@lab  xgboost     12   0.815    2.54  0.1213  0.201  0.0157   1.03       0.545   0.310  0.317  isotonic
  lab        xgboost     28   0.869    3.28  0.1042  0.313  0.0218   1.05       0.679   0.397  0.442  isotonic

========================================================================================================================
htn — 고혈압  라벨 48,877행 / 양성 20,174 (41.3%)  차단 4개
  정의: 수축기 ≥140 mmHg 또는 이완기 ≥90 mmHg 또는 의사진단 또는 투약
========================================================================================================================
  구성         모델          변수   AUROC  AUPRC×   Brier    BSS     ECE    기울기   상위10% PPV     민감도    MCC  보정
  basic@lab  xgboost     10   0.792    1.63  0.1864  0.241  0.0416   0.90       0.791   0.227  0.272  isotonic
  lab        xgboost     28   0.812    1.71  0.1763  0.282  0.0361   0.93       0.828   0.256  0.314  isotonic

========================================================================================================================
dlp — 이상지질혈증  라벨 48,227행 / 양성 23,595 (48.9%)  차단 6개
  정의: TC ≥240 또는 LDL ≥160 또는 TG ≥200 또는 HDL <40 mg/dL 또는 의사진단 또는 지질강하제
========================================================================================================================
  구성         모델          변수   AUROC  AUPRC×   Brier    BSS     ECE    기울기   상위10% PPV     민감도    MCC  보정
  basic@lab  xgboost     12   0.733    1.35  0.2059  0.173  0.0251   1.12       0.777   0.155  0.170  isotonic
  lab        xgboost     24   0.751    1.39  0.2011  0.193  0.0365   1.12       0.819   0.175  0.206  isotonic

========================================================================================================================
ckd — 신기능 확인 필요  라벨 45,015행 / 양성 7,810 (17.3%)  차단 3개
  정의: eGFR <60 mL/min/1.73m² (CKD-EPI 2021) 또는 요알부민/크레아티닌비 ≥30 mg/g
========================================================================================================================
  구성         모델          변수   AUROC  AUPRC×   Brier    BSS     ECE    기울기   상위10% PPV     민감도    MCC  보정
  basic@lab  xgboost     12   0.793    2.61  0.1165  0.184  0.0207   1.12       0.526   0.358  0.341  isotonic
  lab        xgboost     27   0.820    3.14  0.1076  0.246  0.0184   1.10       0.610   0.408  0.418  isotonic

========================================================================================================================
anemia — 빈혈  라벨 42,479행 / 양성 4,286 (10.1%)  차단 1개
  정의: 혈색소 <13 g/dL(남) / <12 g/dL(여). 임신 중인 응답자는 제외
========================================================================================================================
  구성         모델          변수   AUROC  AUPRC×   Brier    BSS     ECE    기울기   상위10% PPV     민감도    MCC  보정
  basic@lab  xgboost     12   0.716    2.11  0.0899  0.054  0.0249   0.91       0.252   0.335  0.192  isotonic
  lab        xgboost     29   0.818    3.68  0.0785  0.174  0.0160   1.01       0.400   0.430  0.342  isotonic


========================================================================================================================
선택 — 보정 게이트 통과 후 AUPRC 리프트 순
========================================================================================================================
  질환                  선택 구성                        AUROC  AUPRC×     ECE  PPV@10%    MCC  탈락한 것
  당뇨                  lab · xgboost                0.869    3.28  0.0218    0.679  0.442  -
  고혈압                 lab · xgboost                0.812    1.71  0.0361    0.828  0.314  -
  이상지질혈증              lab · xgboost                0.751    1.39  0.0365    0.819  0.206  -
  신기능 확인 필요           lab · xgboost                0.820    3.14  0.0184    0.610  0.418  -
  빈혈                  lab · xgboost                0.818    3.68  0.0160    0.400  0.342  -

wrote artifacts\drift_drop.json
