data: nhanes_pooled.csv  rows=48895

========================================================================================================================
dm — 당뇨  라벨 48,892행 / 양성 8,324 (17.0%)  차단 5개
  정의: 공복혈당 ≥126 mg/dL 또는 HbA1c ≥6.5% 또는 의사진단 또는 투약
========================================================================================================================
  구성         모델          변수   AUROC  AUPRC×   Brier    BSS     ECE    기울기   상위10% PPV     민감도    MCC  보정
  basic@lab  xgboost     15   0.816    2.56  0.1212  0.202  0.0128   1.03       0.538   0.317  0.317  isotonic
  lab        xgboost     31   0.868    3.26  0.1045  0.312  0.0208   1.05       0.692   0.385  0.442  isotonic

========================================================================================================================
htn — 고혈압  라벨 48,877행 / 양성 20,174 (41.3%)  차단 4개
  정의: 수축기 ≥140 mmHg 또는 이완기 ≥90 mmHg 또는 의사진단 또는 투약
========================================================================================================================
  구성         모델          변수   AUROC  AUPRC×   Brier    BSS     ECE    기울기   상위10% PPV     민감도    MCC  보정
  basic@lab  xgboost     13   0.793    1.63  0.1857  0.244  0.0408   0.91       0.792   0.212  0.262  isotonic
  lab        xgboost     31   0.812    1.71  0.1765  0.281  0.0339   0.92       0.851   0.200  0.283  isotonic

========================================================================================================================
dlp — 이상지질혈증  라벨 48,227행 / 양성 23,595 (48.9%)  차단 6개
  정의: TC ≥240 또는 LDL ≥160 또는 TG ≥200 또는 HDL <40 mg/dL 또는 의사진단 또는 지질강하제
========================================================================================================================
  구성         모델          변수   AUROC  AUPRC×   Brier    BSS     ECE    기울기   상위10% PPV     민감도    MCC  보정
  basic@lab  xgboost     15   0.733    1.35  0.2060  0.173  0.0218   1.13       0.778   0.170  0.179  isotonic
  lab        xgboost     27   0.752    1.39  0.2002  0.196  0.0310   1.10       0.811   0.184  0.208  isotonic

========================================================================================================================
ckd — 신기능 확인 필요  라벨 45,015행 / 양성 7,810 (17.3%)  차단 3개
  정의: eGFR <60 mL/min/1.73m² (CKD-EPI 2021) 또는 요알부민/크레아티닌비 ≥30 mg/g
========================================================================================================================
  구성         모델          변수   AUROC  AUPRC×   Brier    BSS     ECE    기울기   상위10% PPV     민감도    MCC  보정
  basic@lab  xgboost     15   0.793    2.60  0.1169  0.181  0.0148   1.13       0.544   0.322  0.331  isotonic
  lab        xgboost     30   0.822    3.15  0.1072  0.249  0.0167   1.11       0.607   0.421  0.424  isotonic

========================================================================================================================
anemia — 빈혈  라벨 42,479행 / 양성 4,286 (10.1%)  차단 1개
  정의: 혈색소 <13 g/dL(남) / <12 g/dL(여). 임신 중인 응답자는 제외
========================================================================================================================
  구성         모델          변수   AUROC  AUPRC×   Brier    BSS     ECE    기울기   상위10% PPV     민감도    MCC  보정
  basic@lab  xgboost     15   0.719    2.14  0.0898  0.056  0.0239   0.90       0.247   0.340  0.189  isotonic
  lab        xgboost     32   0.817    3.65  0.0787  0.172  0.0166   0.99       0.424   0.400  0.344  isotonic


========================================================================================================================
선택 — 보정 게이트 통과 후 AUPRC 리프트 순
========================================================================================================================
  질환                  선택 구성                        AUROC  AUPRC×     ECE  PPV@10%    MCC  탈락한 것
  당뇨                  lab · xgboost                0.868    3.26  0.0208    0.692  0.442  -
  고혈압                 lab · xgboost                0.812    1.71  0.0339    0.851  0.283  -
  이상지질혈증              lab · xgboost                0.752    1.39  0.0310    0.811  0.208  -
  신기능 확인 필요           lab · xgboost                0.822    3.15  0.0167    0.607  0.424  -
  빈혈                  lab · xgboost                0.817    3.65  0.0166    0.424  0.344  -

wrote artifacts\drift_base.json
