data: nhanes_pooled.csv  rows=48,895

============================================================================================================
당뇨 · lab  홀드아웃 5,540행 / 양성 1,034
============================================================================================================
  설정               트리     lr     실제쓴    AUROC   AUPRC×     ECE    보정  현행 대비
  current         200   0.05     200   0.8685     3.32  0.0204    통과  
  requested        40   0.01      40   0.8268     2.86  0.1114    탈락  -0.0418  CI [-0.0490, -0.0351]  유의
  matched        1000   0.01    1000   0.8692     3.33  0.0191    통과  +0.0007  CI [-0.0006, +0.0020]  구분 안 됨

============================================================================================================
고혈압 · lab  홀드아웃 5,556행 / 양성 2,410
============================================================================================================
  설정               트리     lr     실제쓴    AUROC   AUPRC×     ECE    보정  현행 대비
  current         200   0.05     200   0.8123     1.73  0.0311    통과  
  requested        40   0.01      40   0.7844     1.64  0.1534    탈락  -0.0279  CI [-0.0329, -0.0230]  유의
  matched        1000   0.01     871   0.8122     1.73  0.0300    통과  -0.0001  CI [-0.0011, +0.0010]  구분 안 됨

============================================================================================================
이상지질혈증 · lab  홀드아웃 5,540행 / 양성 2,942
============================================================================================================
  설정               트리     lr     실제쓴    AUROC   AUPRC×     ECE    보정  현행 대비
  current         200   0.05     200   0.7526     1.40  0.0330    통과  
  requested        40   0.01      40   0.7321     1.36  0.1340    탈락  -0.0205  CI [-0.0263, -0.0140]  유의
  matched        1000   0.01     737   0.7500     1.40  0.0333    통과  -0.0026  CI [-0.0043, -0.0009]  유의

============================================================================================================
신기능 확인 필요 · lab  홀드아웃 5,554행 / 양성 958
============================================================================================================
  설정               트리     lr     실제쓴    AUROC   AUPRC×     ECE    보정  현행 대비
  current         200   0.05     200   0.8220     3.22  0.0194    통과  
  requested        40   0.01      40   0.8048     3.05  0.1024    탈락  -0.0172  CI [-0.0239, -0.0107]  유의
  matched        1000   0.01     553   0.8203     3.21  0.0292    탈락  -0.0016  CI [-0.0039, +0.0006]  구분 안 됨

============================================================================================================
빈혈 · lab  홀드아웃 5,481행 / 양성 583
============================================================================================================
  설정               트리     lr     실제쓴    AUROC   AUPRC×     ECE    보정  현행 대비
  current         200   0.05     200   0.8181     3.76  0.0137    통과  
  requested        40   0.01      40   0.7711     2.90  0.0558    탈락  -0.0471  CI [-0.0599, -0.0353]  유의
  matched        1000   0.01     506   0.8064     3.50  0.0333    통과  -0.0117  CI [-0.0167, -0.0070]  유의

wrote C:\Users\kkmj1\orca\projects\Team_project\project\modeling\artifacts\tune_requested.json
